// Jest Snapshot v1, https://goo.gl/fbAQLP

exports[`My Connected React-Redux Component should render with given state from Redux store 1`] = `
<div>
  <div>
    <div
      aria-hidden="true"
      aria-labelledby="userDetailsModalLabel"
      className="modal fade"
      id="userDetailsModal"
      role="dialog"
      tabIndex="-1"
    >
      <div
        className="modal-dialog"
        role="document"
      >
        <div
          className="modal-content"
        >
          <div
            className="modal-header"
          >
            <h5
              className="modal-title"
              id="userDetailsModalLabel"
            >
              Details
            </h5>
            <button
              aria-label="Close"
              className="close"
              data-dismiss="modal"
              type="button"
            >
              <span
                aria-hidden="true"
              >
                Ã—
              </span>
            </button>
          </div>
          <div
            className="modal-body"
          >
            <div
              className="row"
            >
              <div
                className="col-sm"
              >
                Street Number: 
              </div>
              <div
                className="col-sm"
                id="street-number"
              />
            </div>
            <div
              className="row"
            >
              <div
                className="col-sm"
              >
                Street Name: 
              </div>
              <div
                className="col-sm"
                id="street-name"
              />
            </div>
            <div
              className="row"
            >
              <div
                className="col-sm"
              >
                City: 
              </div>
              <div
                className="col-sm"
                id="city"
              />
            </div>
            <div
              className="row"
            >
              <div
                className="col-sm"
              >
                State: 
              </div>
              <div
                className="col-sm"
                id="state"
              />
            </div>
            <div
              className="row"
            >
              <div
                className="col-sm"
              >
                Country: 
              </div>
              <div
                className="col-sm"
                id="country"
              />
            </div>
            <div
              className="row"
            >
              <div
                className="col-sm"
              >
                Postcode: 
              </div>
              <div
                className="col-sm"
                id="postcode"
              />
            </div>
          </div>
          <div
            className="modal-footer"
          >
            <button
              className="btn btn-secondary"
              data-dismiss="modal"
              type="button"
            >
              Close
            </button>
          </div>
        </div>
      </div>
    </div>
  </div>
  <table
    className="table"
  >
    <thead>
      <tr>
        <th />
        <th>
          First Name
        </th>
        <th>
          Last Name
        </th>
        <th>
          Email
        </th>
        <th>
          View
        </th>
      </tr>
    </thead>
    <tbody />
  </table>
</div>
`;
